
> logic2agent@0.1.0 build
> next build

 ΓÜá Invalid next.config.ts options detected: 
 ΓÜá     Unrecognized key(s) in object: 'reactCompiler'
 ΓÜá See more info here: https://nextjs.org/docs/messages/invalid-next-config
   Γû▓ Next.js 15.1.6

   Creating an optimized production build ...
Failed to compile.

./components/ui/shimmer-button.tsx
Error:   x You're importing a component that needs `useState`. This React hook only works in a client component. To fix, mark the file (or its parent) with the `"use client"` directive.
  | 
  |  Learn more: https://nextjs.org/docs/app/api-reference/directives/use-client
  | 
  | 
   ,-[C:\Users\punya\Desktop\Logic2Agent\components\ui\shimmer-button.tsx:1:1]
 1 | import React, { useState, useRef } from 'react';
   :                 ^^^^^^^^
 2 | import { cn } from '@/lib/utils';
 3 | import { Slot } from "@radix-ui/react-slot";
 3 | 
   `----
  x You're importing a component that needs `useRef`. This React hook only works in a client component. To fix, mark the file (or its parent) with the `"use client"` directive.
  | 
  |  Learn more: https://nextjs.org/docs/app/api-reference/directives/use-client
  | 
  | 
   ,-[C:\Users\punya\Desktop\Logic2Agent\components\ui\shimmer-button.tsx:1:1]
 1 | import React, { useState, useRef } from 'react';
   :                           ^^^^^^
 2 | import { cn } from '@/lib/utils';
 3 | import { Slot } from "@radix-ui/react-slot";
 3 | 
   `----

Import trace for requested module:
./components/ui/shimmer-button.tsx
./app/(main)/page.tsx


> Build failed because of webpack errors
